// Vitest Snapshot v1

exports[`matches snapshot 1`] = `
<button
  class="py-4 px-6 font-mono text-2xl rounded-lg hover:shadow-none focus:shadow-none focus:outline-8 hover:outline-8 focus:outline-indigo-300 hover:outline-indigo-300 focus:outline-offset-4 hover:outline-offset-4 shadow-lg shadow-slate-300 border-2 border-indigo-600"
>
  some name
</button>
`;
